// Jest Snapshot v1, https://goo.gl/fbAQLP

exports[`renders without crashing 1`] = `
<img
  alt="student image"
  className="border-2 rounded-full w-24 m-2"
  src="https://storage.googleapis.com/images/itiis.jpg"
/>
`;
