// Jest Snapshot v1, https://goo.gl/fbAQLP


exports[`tests search input component renders without crashing 1`] = `
<input
  className="appearance-none focus:outline-none focus:border-b-1 focus:border-black border-b-2 p-2 w-full"
  onChange={[Function]}
  placeholder="John"
/>
`;
